race:
- cylinder:
    radius: 11.2 m
    center:
    - 43.82972999 deg
    - 16.64243 deg
epilog: []
goal:
  circle:
    radius: 11.2 m
    center:
    - 43.82972999 deg
    - 16.64243 deg
race-ess:
  circle:
    radius: 11.2 m
    center:
    - 43.82972999 deg
    - 16.64243 deg
prolog: []
