race-ess-is-goal:
  circle:
    radius: 11.2 m
    center:
    - 43.82972999 deg
    - 16.64243 deg
race:
- cylinder:
    radius: 11.2 m
    center:
    - 43.82972999 deg
    - 16.64243 deg
prolog: []
